// Jest Snapshot v1, https://goo.gl/fbAQLP

exports[`SelectNumber Component should take a snapshot 1`] = `
<DocumentFragment>
  <div
    class="flex flex-col items-center gap-2"
  >
    <label
      class="text-sm font-semibold capitalize text-text-primary"
      for=":r0:"
    >
      label
    </label>
    <div
      class="flex"
    >
      <div
        class=""
      >
        <button
          class="btn btn--primary btn--sm rounded-full"
          type="button"
        >
          <span
            class="btn__text"
          >
            -
          </span>
        </button>
      </div>
      <input
        class="bg-transparent text-center font-semibold outline-none hover:text-gray-500 focus:text-black focus:outline-none md:text-base"
        id=":r0:"
        max="200"
        min="50"
        step="1"
        type="number"
        value="100"
      />
      <div
        class=""
      >
        <button
          class="btn btn--primary btn--sm rounded-full"
          type="button"
        >
          <span
            class="btn__text"
          >
            +
          </span>
        </button>
      </div>
    </div>
  </div>
</DocumentFragment>
`;
